PS C:\Users\Student\Desktop\TE-IT-27\assignment-2a> git --version
git version 2.44.0.windows.1
PS C:\Users\Student\Desktop\TE-IT-27\assignment-2a> git init
Initialized empty Git repository in C:/Users/Student/Desktop/TE-IT-27/assignment-2a/.git/
PS C:\Users\Student\Desktop\TE-IT-27\assignment-2a> git add .
PS C:\Users\Student\Desktop\TE-IT-27\assignment-2a> git status
On branch master

No commits yet

Changes to be committed:
  (use "git rm --cached <file>..." to unstage)
        new file:   registration.html

PS C:\Users\Student\Desktop\TE-IT-27\assignment-2a> git remote add origin https://github.com/anjali5jadhav/WAD-practical2a.git
PS C:\Users\Student\Desktop\TE-IT-27\assignment-2a> git commit -m "first commit"
[master (root-commit) 9eba785] first commit
 1 file changed, 43 insertions(+)
 create mode 100644 registration.html
PS C:\Users\Student\Desktop\TE-IT-27\assignment-2a> git status
On branch master
nothing to commit, working tree clean
PS C:\Users\Student\Desktop\TE-IT-27\assignment-2a> git push -u origin master
info: please complete authentication in your browser...
Enumerating objects: 3, done.
Counting objects: 100% (3/3), done.
Delta compression using up to 8 threads
Compressing objects: 100% (2/2), done.
Writing objects: 100% (3/3), 768 bytes | 768.00 KiB/s, done.
Total 3 (delta 0), reused 0 (delta 0), pack-reused 0 (from 0)
To https://github.com/anjali5jadhav/WAD-practical2a.git
 * [new branch]      master -> master
branch 'master' set up to track 'origin/master'.
PS C:\Users\Student\Desktop\TE-IT-27\assignment-2a> git push -u origin master
info: please complete authentication in your browser...
branch 'master' set up to track 'origin/master'.
Everything up-to-date
PS C:\Users\Student\Desktop\TE-IT-27\assignment-2a> git push -u origin master
branch 'master' set up to track 'origin/master'.
Everything up-to-date
PS C:\Users\Student\Desktop\TE-IT-27\assignment-2a> git push -u origin master
branch 'master' set up to track 'origin/master'.
Everything up-to-date
PS C:\Users\Student\Desktop\TE-IT-27\assignment-2a>